 Image maxbot-g1:local Building 
#1 [internal] load local bake definitions
#1 reading from stdin 628B 0.0s done
#1 DONE 0.0s

#2 [internal] load build definition from Dockerfile
#2 transferring dockerfile: 1.42kB done
#2 DONE 0.0s

#3 [internal] load metadata for docker.io/library/node:22.23.2-bookworm@sha256:dd5847a04b0deee391fa145f1f4c6d214196668b6bcc7988ebed67249f226844
#3 DONE 0.0s

#4 [internal] load metadata for docker.io/library/node:22.23.2-bookworm-slim@sha256:48e4b67d85f87bd551df43704e24d252f56cc5f8e9718841aace50f19948f0f9
#4 DONE 0.1s

#5 [internal] load .dockerignore
#5 transferring context: 587B done
#5 DONE 0.0s

#6 [internal] load build context
#6 DONE 0.0s

#7 [runtime 1/8] FROM docker.io/library/node:22.23.2-bookworm-slim@sha256:48e4b67d85f87bd551df43704e24d252f56cc5f8e9718841aace50f19948f0f9
#7 resolve docker.io/library/node:22.23.2-bookworm-slim@sha256:48e4b67d85f87bd551df43704e24d252f56cc5f8e9718841aace50f19948f0f9 0.0s done
#7 DONE 0.1s

#8 [build  1/10] FROM docker.io/library/node:22.23.2-bookworm@sha256:dd5847a04b0deee391fa145f1f4c6d214196668b6bcc7988ebed67249f226844
#8 resolve docker.io/library/node:22.23.2-bookworm@sha256:dd5847a04b0deee391fa145f1f4c6d214196668b6bcc7988ebed67249f226844
#8 resolve docker.io/library/node:22.23.2-bookworm@sha256:dd5847a04b0deee391fa145f1f4c6d214196668b6bcc7988ebed67249f226844 0.1s done
#8 DONE 0.1s

#6 [internal] load build context
#6 transferring context: 795B done
#6 DONE 0.0s

#9 [build  8/10] COPY scripts ./scripts
#9 CACHED

#10 [runtime 2/8] WORKDIR /app
#10 CACHED

#11 [build  5/10] COPY tsconfig.json ./
#11 CACHED

#12 [build  7/10] COPY tests ./tests
#12 CACHED

#13 [runtime 4/8] COPY --from=build /app/node_modules ./node_modules
#13 CACHED

#14 [runtime 7/8] COPY --from=build /app/dist/scripts ./dist/scripts
#14 CACHED

#15 [runtime 3/8] RUN mkdir -p /app/runtime && chown node:node /app/runtime
#15 CACHED

#16 [build  9/10] RUN npm run typecheck && npm run build && npm test
#16 CACHED

#17 [build 10/10] RUN npm prune --omit=dev --ignore-scripts --no-audit --no-fund
#17 CACHED

#18 [build  4/10] RUN npm ci --no-audit --no-fund
#18 CACHED

#19 [build  3/10] COPY package.json package-lock.json .npmrc ./
#19 CACHED

#20 [runtime 5/8] COPY --from=build /app/package.json ./package.json
#20 CACHED

#21 [runtime 6/8] COPY --from=build /app/dist/src ./dist/src
#21 CACHED

#22 [build  2/10] WORKDIR /app
#22 CACHED

#23 [build  6/10] COPY src ./src
#23 CACHED

#24 [runtime 8/8] COPY --from=build /app/dist/tests/fixtures.js ./dist/tests/fixtures.js
#24 CACHED

#25 exporting to image
#25 exporting layers
#25 exporting layers done
#25 exporting manifest sha256:da73cd120db16bab8e8c3981258735661af4f18656d38ea6dfd3d58ec1da6190 0.0s done
#25 exporting config sha256:ecedfac1c458e774a3a247be4a34b9056faafa0b0a70d560e9fbf73543871fbf 0.0s done
#25 exporting attestation manifest sha256:ed5972eca32bffb77ee1f834968584a02ad85aeb428271e5ab764262ada661b1 0.0s done
#25 exporting manifest list sha256:5b9faca6c6d58b8d351b0e6a1759fc2e54fd1b4499ca63cd6bb949adbf881415
#25 exporting manifest list sha256:5b9faca6c6d58b8d351b0e6a1759fc2e54fd1b4499ca63cd6bb949adbf881415 0.0s done
#25 naming to docker.io/library/maxbot-g1:local done
#25 unpacking to docker.io/library/maxbot-g1:local 0.0s done
#25 DONE 0.2s

#26 resolving provenance for metadata file
#26 DONE 0.0s
 Image maxbot-g1:local Built 
 Network maxbot-g1-local_isolated Creating 
 Volume maxbot-g1-local_probe-data Creating 
 Volume maxbot-g1-local_probe-data Creating 
 Network maxbot-g1-local_isolated Creating 
 Volume maxbot-g1-local_probe-data Created 
 Volume maxbot-g1-local_probe-data Created 
 Network maxbot-g1-local_isolated Created 
 Network maxbot-g1-local_isolated Created 
 Container maxbot-g1-local-app-1 Creating 
 Container maxbot-g1-local-app-1 Created 
 Container maxbot-g1-local-app-1 Starting 
 Container maxbot-g1-local-app-1 Started 
 Container maxbot-g1-local-app-1 Waiting 
 Container maxbot-g1-local-app-1 Healthy 
