#0 building with "desktop-linux" instance using docker driver

#1 [internal] load build definition from Dockerfile
#1 transferring dockerfile: 1.42kB 0.0s done
#1 DONE 0.1s

#2 [internal] load metadata for docker.io/library/node:22.23.2-bookworm@sha256:dd5847a04b0deee391fa145f1f4c6d214196668b6bcc7988ebed67249f226844
#2 DONE 0.1s

#3 [internal] load metadata for docker.io/library/node:22.23.2-bookworm-slim@sha256:48e4b67d85f87bd551df43704e24d252f56cc5f8e9718841aace50f19948f0f9
#3 DONE 0.1s

#4 [internal] load .dockerignore
#4 transferring context: 587B done
#4 DONE 0.1s

#5 [internal] load build context
#5 DONE 0.0s

#6 [build  1/10] FROM docker.io/library/node:22.23.2-bookworm@sha256:dd5847a04b0deee391fa145f1f4c6d214196668b6bcc7988ebed67249f226844
#6 resolve docker.io/library/node:22.23.2-bookworm@sha256:dd5847a04b0deee391fa145f1f4c6d214196668b6bcc7988ebed67249f226844
#6 resolve docker.io/library/node:22.23.2-bookworm@sha256:dd5847a04b0deee391fa145f1f4c6d214196668b6bcc7988ebed67249f226844 0.1s done
#6 ...

#5 [internal] load build context
#5 transferring context: 113.68kB 0.0s done
#5 DONE 0.2s

#7 [runtime 1/8] FROM docker.io/library/node:22.23.2-bookworm-slim@sha256:48e4b67d85f87bd551df43704e24d252f56cc5f8e9718841aace50f19948f0f9
#7 resolve docker.io/library/node:22.23.2-bookworm-slim@sha256:48e4b67d85f87bd551df43704e24d252f56cc5f8e9718841aace50f19948f0f9 0.1s done
#7 DONE 0.5s

#6 [build  1/10] FROM docker.io/library/node:22.23.2-bookworm@sha256:dd5847a04b0deee391fa145f1f4c6d214196668b6bcc7988ebed67249f226844
#6 ...

#8 [runtime 2/8] WORKDIR /app
#8 DONE 0.1s

#6 [build  1/10] FROM docker.io/library/node:22.23.2-bookworm@sha256:dd5847a04b0deee391fa145f1f4c6d214196668b6bcc7988ebed67249f226844
#6 DONE 0.6s

#9 [build  2/10] WORKDIR /app
#9 DONE 0.1s

#10 [runtime 3/8] RUN mkdir -p /app/runtime && chown node:node /app/runtime
#10 ...

#11 [build  3/10] COPY package.json package-lock.json .npmrc ./
#11 DONE 0.2s

#12 [build  4/10] RUN npm ci --no-audit --no-fund
#12 ...

#10 [runtime 3/8] RUN mkdir -p /app/runtime && chown node:node /app/runtime
#10 DONE 0.5s

#12 [build  4/10] RUN npm ci --no-audit --no-fund
#12 12.55 
#12 12.55 added 58 packages in 12s
#12 12.55 npm notice
#12 12.55 npm notice New major version of npm available! 10.9.8 -> 12.0.2
#12 12.55 npm notice Changelog: https://github.com/npm/cli/releases/tag/v12.0.2
#12 12.55 npm notice To update run: npm install -g npm@12.0.2
#12 12.55 npm notice
#12 DONE 12.8s

#13 [build  5/10] COPY tsconfig.json ./
#13 DONE 0.1s

#14 [build  6/10] COPY src ./src
#14 DONE 0.1s

#15 [build  7/10] COPY tests ./tests
#15 DONE 0.1s

#16 [build  8/10] COPY scripts ./scripts
#16 DONE 0.1s

#17 [build  9/10] RUN npm run typecheck && npm run build && npm test
#17 0.373 
#17 0.373 > maxbot-g1-technical-probe@0.1.0 typecheck
#17 0.373 > tsc --noEmit
#17 0.373 
#17 0.778 
#17 0.778 > maxbot-g1-technical-probe@0.1.0 build
#17 0.778 > tsc
#17 0.778 
#17 1.193 
#17 1.193 > maxbot-g1-technical-probe@0.1.0 test
#17 1.193 > npm run test:unit && npm run test:integration
#17 1.193 
#17 1.287 
#17 1.287 > maxbot-g1-technical-probe@0.1.0 test:unit
#17 1.287 > node --test --test-timeout=10000 dist/tests/config.test.js dist/tests/contracts.test.js
#17 1.287 
#17 1.337 TAP version 13
#17 1.437 # Subtest: Локальная конфигурация работает без live credentials и хранит ID строкой
#17 1.438 ok 1 - Локальная конфигурация работает без live credentials и хранит ID строкой
#17 1.438   ---
#17 1.438   duration_ms: 3.330139
#17 1.438   type: 'test'
#17 1.438   ...
#17 1.438 # Subtest: режим обязателен
#17 1.439 ok 2 - режим обязателен
#17 1.439   ---
#17 1.439   duration_ms: 0.856232
#17 1.439   type: 'test'
#17 1.439   ...
#17 1.440 # Subtest: secret обязателен
#17 1.440 ok 3 - secret обязателен
#17 1.440   ---
#17 1.440   duration_ms: 0.305048
#17 1.440   type: 'test'
#17 1.440   ...
#17 1.440 # Subtest: ID не округляется/не приводится из exponent
#17 1.440 ok 4 - ID не округляется/не приводится из exponent
#17 1.440   ---
#17 1.440   duration_ms: 0.234765
#17 1.440   type: 'test'
#17 1.440   ...
#17 1.441 # Subtest: ID вне int64
#17 1.441 ok 5 - ID вне int64
#17 1.441   ---
#17 1.441   duration_ms: 0.342028
#17 1.441   type: 'test'
#17 1.441   ...
#17 1.442 # Subtest: порт ограничен
#17 1.442 ok 6 - порт ограничен
#17 1.442   ---
#17 1.442   duration_ms: 0.400659
#17 1.442   type: 'test'
#17 1.442   ...
#17 1.443 # Subtest: TTL ограничен
#17 1.444 ok 7 - TTL ограничен
#17 1.444   ---
#17 1.444   duration_ms: 0.254271
#17 1.444   type: 'test'
#17 1.444   ...
#17 1.444 # Subtest: старый домен запрещён
#17 1.444 ok 8 - старый домен запрещён
#17 1.444   ---
#17 1.444   duration_ms: 0.389407
#17 1.444   type: 'test'
#17 1.444   ...
#17 1.444 # Subtest: live токен запрещён в local
#17 1.445 ok 9 - live токен запрещён в local
#17 1.445   ---
#17 1.445   duration_ms: 0.389147
#17 1.445   type: 'test'
#17 1.445   ...
#17 1.445 # Subtest: live не подменяется mock
#17 1.445 ok 10 - live не подменяется mock
#17 1.445   ---
#17 1.445   duration_ms: 0.434053
#17 1.445   type: 'test'
#17 1.445   ...
#17 1.445 # Subtest: Live требует полную конфигурацию и подтверждение области теста
#17 1.446 ok 11 - Live требует полную конфигурацию и подтверждение области теста
#17 1.446   ---
#17 1.446   duration_ms: 0.866572
#17 1.446   type: 'test'
#17 1.446   ...
#17 1.446 # Subtest: Ошибка конфигурации не раскрывает секрет
#17 1.446 ok 12 - Ошибка конфигурации не раскрывает секрет
#17 1.446   ---
#17 1.446   duration_ms: 0.456946
#17 1.446   type: 'test'
#17 1.446   ...
#17 1.493 # Subtest: Парсер сохраняет верхнюю и нижнюю границы int64; строки/fraction/exponent отвергаются
#17 1.493 ok 13 - Парсер сохраняет верхнюю и нижнюю границы int64; строки/fraction/exponent отвергаются
#17 1.493   ---
#17 1.493   duration_ms: 3.121593
#17 1.493   type: 'test'
#17 1.493   ...
#17 1.494 # Subtest: Повреждённый JSON, конфликтующие ключи, prototype и чрезмерная вложенность отвергаются
#17 1.494 ok 14 - Повреждённый JSON, конфликтующие ключи, prototype и чрезмерная вложенность отвергаются
#17 1.494   ---
#17 1.494   duration_ms: 0.763767
#17 1.494   type: 'test'
#17 1.494   ...
#17 1.494 # Subtest: Webhook не принимает Long Polling envelope
#17 1.494 ok 15 - Webhook не принимает Long Polling envelope
#17 1.495   ---
#17 1.495   duration_ms: 0.815074
#17 1.495   type: 'test'
#17 1.495   ...
#17 1.495 # Subtest: Все шесть lifecycle подтипов распознаются с документированными user/chat_id
#17 1.495 ok 16 - Все шесть lifecycle подтипов распознаются с документированными user/chat_id
#17 1.495   ---
#17 1.495   duration_ms: 4.180018
#17 1.495   type: 'test'
#17 1.495   ...
#17 1.496 # Subtest: Точная связь reply через link.message.mid, forward не считается ответом
#17 1.496 ok 17 - Точная связь reply через link.message.mid, forward не считается ответом
#17 1.496   ---
#17 1.496   duration_ms: 2.551042
#17 1.496   type: 'test'
#17 1.496   ...
#17 1.496 # Subtest: answers требует boolean success:true
#17 1.497 ok 18 - answers требует boolean success:true
#17 1.497   ---
#17 1.497   duration_ms: 6.173079
#17 1.497   type: 'test'
#17 1.497   ...
#17 1.497 # Subtest: messages проверяет Message/body/mid/seq и точного получателя
#17 1.497 ok 19 - messages проверяет Message/body/mid/seq и точного получателя
#17 1.497   ---
#17 1.497   duration_ms: 3.042323
#17 1.497   type: 'test'
#17 1.497   ...
#17 1.498 # Subtest: HTTP 401 сохраняет отдельный класс AUTH
#17 1.498 ok 20 - HTTP 401 сохраняет отдельный класс AUTH
#17 1.498   ---
#17 1.498   duration_ms: 0.886209
#17 1.498   type: 'test'
#17 1.498   ...
#17 1.499 # Subtest: HTTP 403 сохраняет отдельный класс PERMISSION
#17 1.499 ok 21 - HTTP 403 сохраняет отдельный класс PERMISSION
#17 1.499   ---
#17 1.499   duration_ms: 0.439954
#17 1.499   type: 'test'
#17 1.499   ...
#17 1.499 # Subtest: HTTP 429 сохраняет отдельный класс RATE_LIMIT
#17 1.499 ok 22 - HTTP 429 сохраняет отдельный класс RATE_LIMIT
#17 1.500   ---
#17 1.500   duration_ms: 0.468408
#17 1.500   type: 'test'
#17 1.500   ...
#17 1.500 # Subtest: HTTP 503 сохраняет отдельный класс SERVER
#17 1.500 ok 23 - HTTP 503 сохраняет отдельный класс SERVER
#17 1.500   ---
#17 1.500   duration_ms: 0.304467
#17 1.500   type: 'test'
#17 1.500   ...
#17 1.500 # Subtest: HTTP 400 сохраняет отдельный класс HTTP
#17 1.501 ok 24 - HTTP 400 сохраняет отдельный класс HTTP
#17 1.501   ---
#17 1.501   duration_ms: 0.198356
#17 1.501   type: 'test'
#17 1.501   ...
#17 1.501 # Subtest: subscriptions и me имеют собственные схемы и проверку идентичности
#17 1.501 ok 25 - subscriptions и me имеют собственные схемы и проверку идентичности
#17 1.501   ---
#17 1.501   duration_ms: 1.681044
#17 1.501   type: 'test'
#17 1.501   ...
#17 1.502 # Subtest: Авторизация только в header, int64 в query не округляется, redirects запрещены
#17 1.502 ok 26 - Авторизация только в header, int64 в query не округляется, redirects запрещены
#17 1.502   ---
#17 1.502   duration_ms: 0.824542
#17 1.502   type: 'test'
#17 1.502   ...
#17 1.588 # Subtest: Deadline охватывает реальный HTTP и зависшее тело; timeout остаётся неоднозначным
#17 1.588 ok 27 - Deadline охватывает реальный HTTP и зависшее тело; timeout остаётся неоднозначным
#17 1.588   ---
#17 1.588   duration_ms: 108.54293
#17 1.588   type: 'test'
#17 1.588   ...
#17 1.589 # Subtest: Разрыв транспорта отличается от semantic/HTTP и не раскрывает исходную ошибку
#17 1.589 ok 28 - Разрыв транспорта отличается от semantic/HTTP и не раскрывает исходную ошибку
#17 1.589   ---
#17 1.589   duration_ms: 0.297594
#17 1.589   type: 'test'
#17 1.589   ...
#17 1.589 # Subtest: LocalMax физически не использует fetch
#17 1.590 ok 29 - LocalMax физически не использует fetch
#17 1.590   ---
#17 1.590   duration_ms: 0.160464
#17 1.590   type: 'test'
#17 1.590   ...
#17 1.603 1..29
#17 1.603 # tests 29
#17 1.603 # suites 0
#17 1.603 # pass 29
#17 1.603 # fail 0
#17 1.603 # cancelled 0
#17 1.603 # skipped 0
#17 1.603 # todo 0
#17 1.603 # duration_ms 279.858604
#17 1.708 
#17 1.708 > maxbot-g1-technical-probe@0.1.0 test:integration
#17 1.708 > node --test --test-timeout=20000 dist/tests/integration.test.js
#17 1.708 
#17 1.755 TAP version 13
#17 2.075 # Subtest: 200 выдаётся после commit SQLite; приём не запускает сеть и обработку
#17 2.076 ok 1 - 200 выдаётся после commit SQLite; приём не запускает сеть и обработку
#17 2.076   ---
#17 2.076   duration_ms: 137.545824
#17 2.076   type: 'test'
#17 2.076   ...
#17 2.132 # Subtest: Повтор доставки не создаёт вторую команду/outbox, даже после restart
#17 2.132 ok 2 - Повтор доставки не создаёт вторую команду/outbox, даже после restart
#17 2.133   ---
#17 2.133   duration_ms: 60.354364
#17 2.133   type: 'test'
#17 2.133   ...
#17 2.232 # Subtest: Полный синтетический probe: кнопка, отдельный вопрос, reply, restart
#17 2.233 ok 3 - Полный синтетический probe: кнопка, отдельный вопрос, reply, restart
#17 2.233   ---
#17 2.233   duration_ms: 99.935331
#17 2.233   type: 'test'
#17 2.233   ...
#17 2.312 # Subtest: HTTP boundary сохраняет int64 до JSON number, проверяет health и SQLite
#17 2.313 ok 4 - HTTP boundary сохраняет int64 до JSON number, проверяет health и SQLite
#17 2.313   ---
#17 2.313   duration_ms: 78.281382
#17 2.313   type: 'test'
#17 2.313   ...
#17 2.351 # Subtest: Неверный секрет, JSON, структура, envelope и размер отклоняются
#17 2.351 ok 5 - Неверный секрет, JSON, структура, envelope и размер отклоняются
#17 2.351   ---
#17 2.351   duration_ms: 38.254307
#17 2.351   type: 'test'
#17 2.351   ...
#17 2.379 # Subtest: Корректный нерелевантный тип и посторонний тестировщик безопасно игнорируются
#17 2.380 ok 6 - Корректный нерелевантный тип и посторонний тестировщик безопасно игнорируются
#17 2.380   ---
#17 2.380   duration_ms: 28.730326
#17 2.380   type: 'test'
#17 2.380   ...
#17 2.416 # Subtest: Реальный отказ SQLite (query_only) даёт 503, затем повтор можно принять
#17 2.417 ok 7 - Реальный отказ SQLite (query_only) даёт 503, затем повтор можно принять
#17 2.417   ---
#17 2.417   duration_ms: 33.127296
#17 2.417   type: 'test'
#17 2.417   ...
#17 3.447 # Subtest: Блокировка записи другой SQLite connection даёт ограниченный 503
#17 3.449 ok 8 - Блокировка записи другой SQLite connection даёт ограниченный 503
#17 3.449   ---
#17 3.449   duration_ms: 1038.621643
#17 3.449   type: 'test'
#17 3.449   ...
#17 3.524 # Subtest: Чужой actor не исполняет команду и не изменяет чужой probe
#17 3.525 ok 9 - Чужой actor не исполняет команду и не изменяет чужой probe
#17 3.525   ---
#17 3.525   duration_ms: 76.21821
#17 3.525   type: 'test'
#17 3.525   ...
#17 3.608 # Subtest: Новый callback со старой кнопки отвергается; одинаковый callback дедуплицируется
#17 3.609 ok 10 - Новый callback со старой кнопки отвергается; одинаковый callback дедуплицируется
#17 3.609   ---
#17 3.609   duration_ms: 84.335825
#17 3.609   type: 'test'
#17 3.609   ...
#17 3.665 # Subtest: Равенство expiry запрещает команду; старый ack не продлевает срок
#17 3.666 ok 11 - Равенство expiry запрещает команду; старый ack не продлевает срок
#17 3.666   ---
#17 3.666   duration_ms: 57.451358
#17 3.666   type: 'test'
#17 3.666   ...
#17 3.759 # Subtest: Текст без нужного reply и ответ на другой вопрос не завершают probe
#17 3.760 ok 12 - Текст без нужного reply и ответ на другой вопрос не завершают probe
#17 3.760   ---
#17 3.760   duration_ms: 96.338289
#17 3.760   type: 'test'
#17 3.760   ...
#17 3.824 # Subtest: Повторный вход заменяет старый probe; произвольный deep-link payload не создаёт продукт
#17 3.825 ok 13 - Повторный вход заменяет старый probe; произвольный deep-link payload не создаёт продукт
#17 3.825   ---
#17 3.825   duration_ms: 62.781473
#17 3.825   type: 'test'
#17 3.825   ...
#17 3.907 # Subtest: Lifecycle: поздний stop не отменяет новый start; равные конфликтные timestamps запрещают исходящие
#17 3.907 ok 14 - Lifecycle: поздний stop не отменяет новый start; равные конфликтные timestamps запрещают исходящие
#17 3.907   ---
#17 3.907   duration_ms: 82.223619
#17 3.907   type: 'test'
#17 3.907   ...
#17 3.970 # Subtest: Остановка до отправки подавляет outbox; start не оживляет прежнюю отправку
#17 3.970 ok 15 - Остановка до отправки подавляет outbox; start не оживляет прежнюю отправку
#17 3.970   ---
#17 3.970   duration_ms: 60.355858
#17 3.970   type: 'test'
#17 3.970   ...
#17 4.035 # Subtest: Сеть не выполняется внутри транзакции; 200/success:false не отменяет результат команды
#17 4.036 ok 16 - Сеть не выполняется внутри транзакции; 200/success:false не отменяет результат команды
#17 4.036   ---
#17 4.036   duration_ms: 67.947185
#17 4.036   type: 'test'
#17 4.036   ...
#17 4.104 # Subtest: 401 сохраняет остановку отправок через restart
#17 4.104 ok 17 - 401 сохраняет остановку отправок через restart
#17 4.104   ---
#17 4.104   duration_ms: 68.28212
#17 4.104   type: 'test'
#17 4.104   ...
#17 4.163 # Subtest: 429 повторяется максимум три раза с задержкой; другие ошибки не маскируются
#17 4.164 ok 18 - 429 повторяется максимум три раза с задержкой; другие ошибки не маскируются
#17 4.164   ---
#17 4.164   duration_ms: 59.885122
#17 4.164   type: 'test'
#17 4.164   ...
#17 4.220 # Subtest: Неоднозначный timeout не повторяется и не создаёт question_mid
#17 4.220 ok 19 - Неоднозначный timeout не повторяется и не создаёт question_mid
#17 4.220   ---
#17 4.220   duration_ms: 58.000838
#17 4.220   type: 'test'
#17 4.220   ...
#17 4.279 # Subtest: Crash с SENDING сохраняет UNKNOWN_RESULT вместо повторной отправки
#17 4.280 ok 20 - Crash с SENDING сохраняет UNKNOWN_RESULT вместо повторной отправки
#17 4.280   ---
#17 4.280   duration_ms: 57.294345
#17 4.280   type: 'test'
#17 4.280   ...
#17 4.288 # Subtest: Локальную SQLite нельзя подключить как live или как другого бота
#17 4.288 ok 21 - Локальную SQLite нельзя подключить как live или как другого бота
#17 4.288   ---
#17 4.288   duration_ms: 28.518527
#17 4.288   type: 'test'
#17 4.288   ...
#17 4.308 1..21
#17 4.308 # tests 21
#17 4.308 # suites 0
#17 4.308 # pass 21
#17 4.308 # fail 0
#17 4.308 # cancelled 0
#17 4.309 # skipped 0
#17 4.309 # todo 0
#17 4.309 # duration_ms 2567.790406
#17 DONE 4.4s

#18 [build 10/10] RUN npm prune --omit=dev --ignore-scripts --no-audit --no-fund
#18 0.713 
#18 0.713 up to date in 358ms
#18 DONE 0.8s

#19 [runtime 4/8] COPY --from=build /app/node_modules ./node_modules
#19 DONE 0.8s

#20 [runtime 5/8] COPY --from=build /app/package.json ./package.json
#20 DONE 0.1s

#21 [runtime 6/8] COPY --from=build /app/dist/src ./dist/src
#21 DONE 0.1s

#22 [runtime 7/8] COPY --from=build /app/dist/scripts ./dist/scripts
#22 DONE 0.1s

#23 [runtime 8/8] COPY --from=build /app/dist/tests/fixtures.js ./dist/tests/fixtures.js
#23 DONE 0.1s

#24 exporting to image
#24 exporting layers
#24 exporting layers 1.8s done
#24 exporting manifest sha256:1caf1012b2a660b644f9025a0584b2c7e8e038814c54d60f3b0ef5e883b9573c 0.0s done
#24 exporting config sha256:c4cc00fc933dce871ca4acfb6e2f3503db62e0cb261efd8d69a2362163c34ebe 0.0s done
#24 exporting attestation manifest sha256:a9f99f7648a094b707ab67a41e93ed829b63d41b46517535c0bf7e0257b28ca4 0.0s done
#24 exporting manifest list sha256:a54c735965a60df6aca0695c5f50d8a1ee8aa412b88b6df9e6da78272696c8ee
#24 exporting manifest list sha256:a54c735965a60df6aca0695c5f50d8a1ee8aa412b88b6df9e6da78272696c8ee 0.0s done
#24 naming to docker.io/library/maxbot-g1:local done
#24 unpacking to docker.io/library/maxbot-g1:local
#24 unpacking to docker.io/library/maxbot-g1:local 1.1s done
#24 DONE 3.1s
WARNING: current commit information was not captured by the build: failed to read current commit information with git rev-parse --is-inside-work-tree

View build details: docker-desktop://dashboard/build/desktop-linux/desktop-linux/7xi489jcz1052kl0530pimele
